

================================================================
== Vitis HLS Report for 'ddmap_sqm_hls'
================================================================
* Date:           Fri Jun 26 03:08:13 2026

* Version:        2025.2 (Build 6295257 on Nov 14 2025)
* Project:        ddmap_ownfft400_prj
* Solution:       sol1 (Vivado IP Flow Target)
* Product family: zynquplus
* Target device:  xczu7ev-ffvc1156-2-e


================================================================
== Performance Estimates
================================================================
+ Timing: 
    * Summary: 
    +--------+---------+----------+------------+
    |  Clock |  Target | Estimated| Uncertainty|
    +--------+---------+----------+------------+
    |ap_clk  |  2.50 ns|  2.046 ns|     0.68 ns|
    +--------+---------+----------+------------+

+ Latency: 
    * Summary: 
    +---------+---------+----------+----------+--------+--------+---------+
    |  Latency (cycles) |  Latency (absolute) |     Interval    | Pipeline|
    |   min   |   max   |    min   |    max   |   min  |   max  |   Type  |
    +---------+---------+----------+----------+--------+--------+---------+
    |   271504|   271589|  0.679 ms|  0.679 ms|  271505|  271590|       no|
    +---------+---------+----------+----------+--------+--------+---------+

    + Detail: 
        * Instance: 
        +----------------------------------------------------+-----------------------------------------+---------+---------+-----------+-----------+-------+-------+-------------------+
        |                                                    |                                         |  Latency (cycles) |   Latency (absolute)  |    Interval   |      Pipeline     |
        |                      Instance                      |                  Module                 |   min   |   max   |    min    |    max    |  min  |  max  |        Type       |
        +----------------------------------------------------+-----------------------------------------+---------+---------+-----------+-----------+-------+-------+-------------------+
        |grp_gen_ca_upsampled_fu_340                         |gen_ca_upsampled                         |     3125|     3125|   7.812 us|   7.812 us|   3125|   3125|                 no|
        |grp_ddmap_sqm_hls_Pipeline_VITIS_LOOP_108_1_fu_351  |ddmap_sqm_hls_Pipeline_VITIS_LOOP_108_1  |     2050|     2050|   5.125 us|   5.125 us|      0|      0|  loop pipeline stp|
        |grp_fft_fixed_fu_359                                |fft_fixed                                |    26843|    26843|  67.108 us|  67.108 us|  26843|  26843|                 no|
        |grp_ddmap_sqm_hls_Pipeline_SQM_fu_394               |ddmap_sqm_hls_Pipeline_SQM               |     2054|     2054|   5.135 us|   5.135 us|      0|      0|  loop pipeline stp|
        |grp_ddmap_sqm_hls_Pipeline_VITIS_LOOP_112_2_fu_410  |ddmap_sqm_hls_Pipeline_VITIS_LOOP_112_2  |     2050|     2050|   5.125 us|   5.125 us|      0|      0|  loop pipeline stp|
        |grp_ddmap_sqm_hls_Pipeline_VITIS_LOOP_126_3_fu_426  |ddmap_sqm_hls_Pipeline_VITIS_LOOP_126_3  |     2059|     2059|   5.147 us|   5.147 us|      0|      0|  loop pipeline stp|
        |grp_ddmap_sqm_hls_Pipeline_VITIS_LOOP_138_4_fu_442  |ddmap_sqm_hls_Pipeline_VITIS_LOOP_138_4  |     2053|     2053|   5.133 us|   5.133 us|      0|      0|  loop pipeline stp|
        |grp_ddmap_sqm_hls_Pipeline_VITIS_LOOP_162_6_fu_454  |ddmap_sqm_hls_Pipeline_VITIS_LOOP_162_6  |        6|        6|  15.000 ns|  15.000 ns|      0|      0|  loop pipeline stp|
        +----------------------------------------------------+-----------------------------------------+---------+---------+-----------+-----------+-------+-------+-------------------+

        * Loop: 
        +----------+---------+---------+----------+-----------+-----------+------+----------+
        |          |  Latency (cycles) | Iteration|  Initiation Interval  | Trip |          |
        | Loop Name|   min   |   max   |  Latency |  achieved |   target  | Count| Pipelined|
        +----------+---------+---------+----------+-----------+-----------+------+----------+
        |- BLOCKS  |   239436|   239436|     59859|          -|          -|     4|        no|
        +----------+---------+---------+----------+-----------+-----------+------+----------+



================================================================
== Utilization Estimates
================================================================
* Summary: 
+-----------------+---------+------+--------+--------+-----+
|       Name      | BRAM_18K|  DSP |   FF   |   LUT  | URAM|
+-----------------+---------+------+--------+--------+-----+
|DSP              |        -|     -|       -|       -|    -|
|Expression       |        -|     -|       0|     499|    -|
|FIFO             |        -|     -|       -|       -|    -|
|Instance         |       16|    14|    7152|    7435|    0|
|Memory           |       42|     -|       0|       0|    0|
|Multiplexer      |        -|     -|       0|    1605|    -|
|Register         |        -|     -|     726|       -|    -|
+-----------------+---------+------+--------+--------+-----+
|Total            |       58|    14|    7878|    9539|    0|
+-----------------+---------+------+--------+--------+-----+
|Available        |      624|  1728|  460800|  230400|   96|
+-----------------+---------+------+--------+--------+-----+
|Utilization (%)  |        9|    ~0|       1|       4|    0|
+-----------------+---------+------+--------+--------+-----+

+ Detail: 
    * Instance: 
    +----------------------------------------------------+-----------------------------------------+---------+----+------+------+-----+
    |                      Instance                      |                  Module                 | BRAM_18K| DSP|  FF  |  LUT | URAM|
    +----------------------------------------------------+-----------------------------------------+---------+----+------+------+-----+
    |ctrl_s_axi_U                                        |ctrl_s_axi                               |        0|   0|   272|   440|    0|
    |grp_ddmap_sqm_hls_Pipeline_SQM_fu_394               |ddmap_sqm_hls_Pipeline_SQM               |        0|   0|   634|   382|    0|
    |grp_ddmap_sqm_hls_Pipeline_VITIS_LOOP_108_1_fu_351  |ddmap_sqm_hls_Pipeline_VITIS_LOOP_108_1  |        0|   0|    27|    77|    0|
    |grp_ddmap_sqm_hls_Pipeline_VITIS_LOOP_112_2_fu_410  |ddmap_sqm_hls_Pipeline_VITIS_LOOP_112_2  |        0|   0|    27|    88|    0|
    |grp_ddmap_sqm_hls_Pipeline_VITIS_LOOP_126_3_fu_426  |ddmap_sqm_hls_Pipeline_VITIS_LOOP_126_3  |        0|   0|  1215|  1440|    0|
    |grp_ddmap_sqm_hls_Pipeline_VITIS_LOOP_138_4_fu_442  |ddmap_sqm_hls_Pipeline_VITIS_LOOP_138_4  |        0|   0|   361|   271|    0|
    |grp_ddmap_sqm_hls_Pipeline_VITIS_LOOP_162_6_fu_454  |ddmap_sqm_hls_Pipeline_VITIS_LOOP_162_6  |        0|   0|   173|   231|    0|
    |grp_fft_fixed_fu_359                                |fft_fixed                                |       14|   4|  1601|  2035|    0|
    |grp_gen_ca_upsampled_fu_340                         |gen_ca_upsampled                         |        2|   2|  1055|  1620|    0|
    |mul_24s_24s_48_4_1_U155                             |mul_24s_24s_48_4_1                       |        0|   2|   145|    45|    0|
    |mul_24s_24s_48_4_1_U156                             |mul_24s_24s_48_4_1                       |        0|   2|   145|    45|    0|
    |mul_24s_24s_48_4_1_U157                             |mul_24s_24s_48_4_1                       |        0|   2|   145|    45|    0|
    |mul_24s_24s_48_4_1_U158                             |mul_24s_24s_48_4_1                       |        0|   2|   145|    45|    0|
    |udiv_82ns_48ns_82_86_seq_1_U161                     |udiv_82ns_48ns_82_86_seq_1               |        0|   0|   779|   469|    0|
    |urem_17ns_12ns_17_21_seq_1_U159                     |urem_17ns_12ns_17_21_seq_1               |        0|   0|   214|   101|    0|
    |urem_17ns_12ns_17_21_seq_1_U160                     |urem_17ns_12ns_17_21_seq_1               |        0|   0|   214|   101|    0|
    +----------------------------------------------------+-----------------------------------------+---------+----+------+------+-----+
    |Total                                               |                                         |       16|  14|  7152|  7435|    0|
    +----------------------------------------------------+-----------------------------------------+---------+----+------+------+-----+

    * DSP: 
    N/A

    * Memory: 
    +--------------+---------------------------+---------+---+----+-----+------+-----+------+-------------+
    |    Memory    |           Module          | BRAM_18K| FF| LUT| URAM| Words| Bits| Banks| W*Bits*Banks|
    +--------------+---------------------------+---------+---+----+-----+------+-----+------+-------------+
    |accum_re_U    |accum_re_RAM_2P_BRAM_1R1W  |        3|  0|   0|    0|  2048|   24|     1|        49152|
    |accum_im_U    |accum_re_RAM_2P_BRAM_1R1W  |        3|  0|   0|    0|  2048|   24|     1|        49152|
    |code_im_U     |code_im_RAM_AUTO_1R1W      |        3|  0|   0|    0|  2048|   24|     1|        49152|
    |code_re_U     |code_im_RAM_AUTO_1R1W      |        3|  0|   0|    0|  2048|   24|     1|        49152|
    |code_fd_re_U  |code_im_RAM_AUTO_1R1W      |        3|  0|   0|    0|  2048|   24|     1|        49152|
    |code_fd_im_U  |code_im_RAM_AUTO_1R1W      |        3|  0|   0|    0|  2048|   24|     1|        49152|
    |blk_re_U      |code_im_RAM_AUTO_1R1W      |        3|  0|   0|    0|  2048|   24|     1|        49152|
    |blk_im_U      |code_im_RAM_AUTO_1R1W      |        3|  0|   0|    0|  2048|   24|     1|        49152|
    |blk_fd_re_U   |code_im_RAM_AUTO_1R1W      |        3|  0|   0|    0|  2048|   24|     1|        49152|
    |blk_fd_im_U   |code_im_RAM_AUTO_1R1W      |        3|  0|   0|    0|  2048|   24|     1|        49152|
    |prod_re_U     |code_im_RAM_AUTO_1R1W      |        3|  0|   0|    0|  2048|   24|     1|        49152|
    |prod_im_U     |code_im_RAM_AUTO_1R1W      |        3|  0|   0|    0|  2048|   24|     1|        49152|
    |corr_re_U     |code_im_RAM_AUTO_1R1W      |        3|  0|   0|    0|  2048|   24|     1|        49152|
    |corr_im_U     |code_im_RAM_AUTO_1R1W      |        3|  0|   0|    0|  2048|   24|     1|        49152|
    +--------------+---------------------------+---------+---+----+-----+------+-----+------+-------------+
    |Total         |                           |       42|  0|   0|    0| 28672|  336|    14|       688128|
    +--------------+---------------------------+---------+---+----+-----+------+-----+------+-------------+

    * FIFO: 
    N/A

    * Expression: 
    +---------------------------------+----------+----+---+----+------------+------------+
    |          Variable Name          | Operation| DSP| FF| LUT| Bitwidth P0| Bitwidth P1|
    +---------------------------------+----------+----+---+----+------------+------------+
    |add_ln163_fu_551_p2              |         +|   0|  0|  24|          17|          11|
    |add_ln164_fu_557_p2              |         +|   0|  0|  24|          17|           1|
    |b_2_fu_502_p2                    |         +|   0|  0|  10|           3|           1|
    |ep_fu_649_p2                     |         +|   0|  0|  54|          47|          47|
    |lp_fu_661_p2                     |         +|   0|  0|  54|          47|          47|
    |sum_fu_673_p2                    |         +|   0|  0|  55|          48|          48|
    |sub_ln171_1_fu_689_p2            |         -|   0|  0|  55|          48|          48|
    |sub_ln171_fu_683_p2              |         -|   0|  0|  55|          48|          48|
    |icmp_ln110_fu_496_p2             |      icmp|   0|  0|  12|           3|           4|
    |icmp_ln171_fu_679_p2             |      icmp|   0|  0|  54|          47|          47|
    |icmp_ln173_fu_706_p2             |      icmp|   0|  0|  55|          48|           1|
    |ap_block_state3_on_subcall_done  |        or|   0|  0|   2|           1|           1|
    |diff_fu_695_p3                   |    select|   0|  0|  45|           1|          48|
    +---------------------------------+----------+----+---+----+------------+------------+
    |Total                            |          |   0|  0| 499|         375|         352|
    +---------------------------------+----------+----+---+----+------------+------------+

    * Multiplexer: 
    +---------------------------------+-----+-----------+-----+-----------+
    |               Name              | LUT | Input Size| Bits| Total Bits|
    +---------------------------------+-----+-----------+-----+-----------+
    |accum_im_address0                |   14|          3|   11|         33|
    |accum_im_address1                |   14|          3|   11|         33|
    |accum_im_ce0                     |   14|          3|    1|          3|
    |accum_im_ce1                     |   14|          3|    1|          3|
    |accum_im_d1                      |   14|          3|   24|         72|
    |accum_im_we1                     |   14|          3|    1|          3|
    |accum_re_address0                |   14|          3|   11|         33|
    |accum_re_address1                |   14|          3|   11|         33|
    |accum_re_ce0                     |   14|          3|    1|          3|
    |accum_re_ce1                     |   14|          3|    1|          3|
    |accum_re_d1                      |   14|          3|   24|         72|
    |accum_re_we1                     |   14|          3|    1|          3|
    |ap_NS_fsm                        |  721|        137|    1|        137|
    |ap_phi_mux_dist_1_phi_fu_333_p4  |    9|          2|   16|         32|
    |b_fu_194                         |    9|          2|    3|          6|
    |blk_fd_im_address0               |   14|          3|   11|         33|
    |blk_fd_im_ce0                    |   14|          3|    1|          3|
    |blk_fd_im_we0                    |    9|          2|    1|          2|
    |blk_fd_re_address0               |   14|          3|   11|         33|
    |blk_fd_re_ce0                    |   14|          3|    1|          3|
    |blk_fd_re_we0                    |    9|          2|    1|          2|
    |blk_im_address0                  |   14|          3|   11|         33|
    |blk_im_ce0                       |   14|          3|    1|          3|
    |blk_im_we0                       |    9|          2|    1|          2|
    |blk_re_address0                  |   14|          3|   11|         33|
    |blk_re_ce0                       |   14|          3|    1|          3|
    |blk_re_we0                       |    9|          2|    1|          2|
    |code_fd_im_address0              |   14|          3|   11|         33|
    |code_fd_im_ce0                   |   14|          3|    1|          3|
    |code_fd_im_we0                   |    9|          2|    1|          2|
    |code_fd_re_address0              |   14|          3|   11|         33|
    |code_fd_re_ce0                   |   14|          3|    1|          3|
    |code_fd_re_we0                   |    9|          2|    1|          2|
    |code_im_address0                 |   14|          3|   11|         33|
    |code_im_ce0                      |   14|          3|    1|          3|
    |code_im_we0                      |    9|          2|    1|          2|
    |code_re_address0                 |   14|          3|   11|         33|
    |code_re_ce0                      |   14|          3|    1|          3|
    |code_re_we0                      |    9|          2|    1|          2|
    |corr_im_address0                 |   14|          3|   11|         33|
    |corr_im_ce0                      |   14|          3|    1|          3|
    |corr_im_we0                      |    9|          2|    1|          2|
    |corr_re_address0                 |   14|          3|   11|         33|
    |corr_re_ce0                      |   14|          3|    1|          3|
    |corr_re_we0                      |    9|          2|    1|          2|
    |dist_1_reg_329                   |    9|          2|   16|         32|
    |grp_fft_fixed_fu_359_in_im_q0    |   20|          4|   24|         96|
    |grp_fft_fixed_fu_359_in_re_q0    |   20|          4|   24|         96|
    |grp_fft_fixed_fu_359_inverse     |   14|          3|    1|          3|
    |grp_fu_468_ce                    |   14|          3|    1|          3|
    |grp_fu_468_p0                    |   20|          4|   24|         96|
    |grp_fu_468_p1                    |   20|          4|   24|         96|
    |grp_fu_472_ce                    |   14|          3|    1|          3|
    |grp_fu_472_p0                    |   20|          4|   24|         96|
    |grp_fu_472_p1                    |   20|          4|   24|         96|
    |grp_fu_476_ce                    |    9|          2|    1|          2|
    |grp_fu_476_p0                    |   14|          3|   24|         72|
    |grp_fu_476_p1                    |   14|          3|   24|         72|
    |grp_fu_480_ce                    |    9|          2|    1|          2|
    |grp_fu_480_p0                    |   14|          3|   24|         72|
    |grp_fu_480_p1                    |   14|          3|   24|         72|
    |iq_in_TREADY_int_regslice        |    9|          2|    1|          2|
    |prod_im_address0                 |   14|          3|   11|         33|
    |prod_im_ce0                      |   14|          3|    1|          3|
    |prod_im_we0                      |    9|          2|    1|          2|
    |prod_re_address0                 |   14|          3|   11|         33|
    |prod_re_ce0                      |   14|          3|    1|          3|
    |prod_re_we0                      |    9|          2|    1|          2|
    +---------------------------------+-----+-----------+-----+-----------+
    |Total                            | 1605|        326|  536|       1836|
    +---------------------------------+-----+-----------+-----+-----------+

    * Register: 
    +-----------------------------------------------------------------+-----+----+-----+-----------+
    |                               Name                              |  FF | LUT| Bits| Const Bits|
    +-----------------------------------------------------------------+-----+----+-----+-----------+
    |add_ln163_reg_891                                                |   17|   0|   17|          0|
    |add_ln164_reg_896                                                |   17|   0|   17|          0|
    |ap_CS_fsm                                                        |  136|   0|  136|          0|
    |b_2_reg_859                                                      |    3|   0|    3|          0|
    |b_fu_194                                                         |    3|   0|    3|          0|
    |diff_reg_1015                                                    |   48|   0|   48|          0|
    |dist_1_reg_329                                                   |   16|   0|   16|          0|
    |dist_reg_1037                                                    |   16|   0|   16|          0|
    |e_reg_901                                                        |   17|   0|   17|          0|
    |ei_reg_936                                                       |   24|   0|   24|          0|
    |empty_reg_791                                                    |    5|   0|    5|          0|
    |ep_reg_995                                                       |   47|   0|   47|          0|
    |er_reg_931                                                       |   24|   0|   24|          0|
    |grp_ddmap_sqm_hls_Pipeline_SQM_fu_394_ap_start_reg               |    1|   0|    1|          0|
    |grp_ddmap_sqm_hls_Pipeline_VITIS_LOOP_108_1_fu_351_ap_start_reg  |    1|   0|    1|          0|
    |grp_ddmap_sqm_hls_Pipeline_VITIS_LOOP_112_2_fu_410_ap_start_reg  |    1|   0|    1|          0|
    |grp_ddmap_sqm_hls_Pipeline_VITIS_LOOP_126_3_fu_426_ap_start_reg  |    1|   0|    1|          0|
    |grp_ddmap_sqm_hls_Pipeline_VITIS_LOOP_138_4_fu_442_ap_start_reg  |    1|   0|    1|          0|
    |grp_ddmap_sqm_hls_Pipeline_VITIS_LOOP_162_6_fu_454_ap_start_reg  |    1|   0|    1|          0|
    |grp_fft_fixed_fu_359_ap_start_reg                                |    1|   0|    1|          0|
    |grp_gen_ca_upsampled_fu_340_ap_start_reg                         |    1|   0|    1|          0|
    |icmp_ln173_reg_1023                                              |    1|   0|    1|          0|
    |l_reg_906                                                        |   17|   0|   17|          0|
    |li_reg_946                                                       |   24|   0|   24|          0|
    |lp_reg_1002                                                      |   47|   0|   47|          0|
    |lr_reg_941                                                       |   24|   0|   24|          0|
    |sum_reg_1009                                                     |   48|   0|   48|          0|
    |tmp_6_reg_975                                                    |   46|   0|   46|          0|
    |tmp_7_reg_980                                                    |   46|   0|   46|          0|
    |tmp_8_reg_985                                                    |   46|   0|   46|          0|
    |tmp_9_reg_990                                                    |   46|   0|   46|          0|
    +-----------------------------------------------------------------+-----+----+-----+-----------+
    |Total                                                            |  726|   0|  726|          0|
    +-----------------------------------------------------------------+-----+----+-----+-----------+



================================================================
== Interface
================================================================
* Summary: 
+--------------------+-----+-----+------------+----------------+--------------+
|      RTL Ports     | Dir | Bits|  Protocol  |  Source Object |    C Type    |
+--------------------+-----+-----+------------+----------------+--------------+
|s_axi_ctrl_AWVALID  |   in|    1|       s_axi|            ctrl|       pointer|
|s_axi_ctrl_AWREADY  |  out|    1|       s_axi|            ctrl|       pointer|
|s_axi_ctrl_AWADDR   |   in|    7|       s_axi|            ctrl|       pointer|
|s_axi_ctrl_WVALID   |   in|    1|       s_axi|            ctrl|       pointer|
|s_axi_ctrl_WREADY   |  out|    1|       s_axi|            ctrl|       pointer|
|s_axi_ctrl_WDATA    |   in|   32|       s_axi|            ctrl|       pointer|
|s_axi_ctrl_WSTRB    |   in|    4|       s_axi|            ctrl|       pointer|
|s_axi_ctrl_ARVALID  |   in|    1|       s_axi|            ctrl|       pointer|
|s_axi_ctrl_ARREADY  |  out|    1|       s_axi|            ctrl|       pointer|
|s_axi_ctrl_ARADDR   |   in|    7|       s_axi|            ctrl|       pointer|
|s_axi_ctrl_RVALID   |  out|    1|       s_axi|            ctrl|       pointer|
|s_axi_ctrl_RREADY   |   in|    1|       s_axi|            ctrl|       pointer|
|s_axi_ctrl_RDATA    |  out|   32|       s_axi|            ctrl|       pointer|
|s_axi_ctrl_RRESP    |  out|    2|       s_axi|            ctrl|       pointer|
|s_axi_ctrl_BVALID   |  out|    1|       s_axi|            ctrl|       pointer|
|s_axi_ctrl_BREADY   |   in|    1|       s_axi|            ctrl|       pointer|
|s_axi_ctrl_BRESP    |  out|    2|       s_axi|            ctrl|       pointer|
|ap_clk              |   in|    1|  ap_ctrl_hs|   ddmap_sqm_hls|  return value|
|ap_rst_n            |   in|    1|  ap_ctrl_hs|   ddmap_sqm_hls|  return value|
|interrupt           |  out|    1|  ap_ctrl_hs|   ddmap_sqm_hls|  return value|
|iq_in_TDATA         |   in|   32|        axis|  iq_in_V_data_V|       pointer|
|iq_in_TVALID        |   in|    1|        axis|  iq_in_V_last_V|       pointer|
|iq_in_TREADY        |  out|    1|        axis|  iq_in_V_last_V|       pointer|
|iq_in_TLAST         |   in|    1|        axis|  iq_in_V_last_V|       pointer|
|iq_in_TKEEP         |   in|    4|        axis|  iq_in_V_keep_V|       pointer|
|iq_in_TSTRB         |   in|    4|        axis|  iq_in_V_strb_V|       pointer|
+--------------------+-----+-----+------------+----------------+--------------+

